<html>
<body>
<pre>
<h1>µVision Build Log</h1>
<h2>Tool Versions:</h2>
IDE-Version: µVision V5.25.2.0
Copyright (C) 2018 ARM Ltd and ARM Germany GmbH. All rights reserved.
License Information: nghia phung, sadf, LIC=----
 
Tool Versions:
Toolchain:       MDK-Lite  Version: 5.25.2.0
Toolchain Path:  C:\Keil_v5\ARM\ARMCC\Bin
C Compiler:      Armcc.exe V5.06 update 6 (build 750)
Assembler:       Armasm.exe V5.06 update 6 (build 750)
Linker/Locator:  ArmLink.exe V5.06 update 6 (build 750)
Library Manager: ArmAr.exe V5.06 update 6 (build 750)
Hex Converter:   FromElf.exe V5.06 update 6 (build 750)
CPU DLL:         SARMCM3.DLL V5.25.2.0
Dialog DLL:      DARMCM1.DLL V1.19.1.0
Target DLL:      STLink\ST-LINKIII-KEIL_SWO.dll V3.0.1.0
Dialog DLL:      TARMCM1.DLL V1.14.0.0
 
<h2>Project:</h2>
E:\Project\LuanVan\LoDoUeOai\stm32\controller.uvprojx
Project File Date:  09/29/2018

<h2>Output:</h2>
*** Using Compiler 'V5.06 update 6 (build 750)', folder: 'C:\Keil_v5\ARM\ARMCC\Bin'
Build target 'Target 1'
compiling motor.c...
compiling main.c...
compiling button.c...
driver\button\button.c(64): warning:  #940-D: missing return statement at end of non-void function "Button_HomeX" 
  }
driver\button\button.c(69): warning:  #940-D: missing return statement at end of non-void function "Button_HomeY" 
  }
driver\button\button.c(74): warning:  #940-D: missing return statement at end of non-void function "Button_EndX" 
  }
driver\button\button.c(79): warning:  #940-D: missing return statement at end of non-void function "Button_EndY" 
  }
driver\button\button.c(87): warning:  #1-D: last line of file ends without a newline
  /******************************************************************************/
driver\button\button.c: 5 warnings, 0 errors
linking...
Program Size: Code=3528 RO-data=212 RW-data=40 ZI-data=1712  
".\Objects\controller.axf" - 0 Error(s), 5 Warning(s).

<h2>Software Packages used:</h2>

Package Vendor: Keil
                http://www.keil.com/pack/Keil.STM32F0xx_DFP.2.0.0.pack
                Keil.STM32F0xx_DFP.2.0.0
                STMicroelectronics STM32F0 Series Device Support, Drivers and Examples

<h2>Collection of Component include folders:</h2>
  .\RTE\_Target_1
  C:\Keil_v5\ARM\PACK\Keil\STM32F0xx_DFP\2.0.0\Drivers\CMSIS\Device\ST\STM32F0xx\Include

<h2>Collection of Component Files used:</h2>
Build Time Elapsed:  00:00:18
</pre>
</body>
</html>
